[01:01] PDDLP_TOKEN_GTE >=
[01:04] PDDLP_TOKEN_NUMBER 10
[03:01] PDDLP_TOKEN_LT <
EOF