[01:01] >
[02:03] >=
[03:02] <
[04:03] <=
[05:02] >
[05:04] >=
[05:05] <
[05:07] <=
EOF
