[01:01] name
[02:01] name-hyphens
[03:01] name_underscores
[04:01] namedigit1
[05:01] name-hypens-digit-10
[06:01] name_underscores_digit12
[07:01] name_with-all-3_elements
EOF