[01:01] 0
[02:01] 10
[03:01] 1.0
[04:01] 12.923
[05:01] 10
[05:04] 11
[05:07] 12
EOF
