[01:01] PDDLP_TOKEN_LPAREN (
[01:02] PDDLP_TOKEN_RPAREN )
[01:03] PDDLP_TOKEN_PLUS +
[01:04] PDDLP_TOKEN_MINUS -
[01:05] PDDLP_TOKEN_SLASH /
[01:06] PDDLP_TOKEN_STAR *
[01:07] PDDLP_TOKEN_EQ =
EOF